
=== TC1 ===
Status: AMBER
Archetype: 1930s cavity semi
Moisture Risk: LOW
Preconditions: [ 'Ventilation upgrade must precede airtightness improvement' ]
Blocked: []
Sequencing: [
  'Ventilation upgrade must precede airtightness improvement',
  'cavity wall insulation',
  'loft insulation'
]
Constraints: []

=== TC2 ===
Status: AMBER
Archetype: Pre-1919 Solid Wall Terrace
Moisture Risk: LOW
Preconditions: [ 'Ventilation upgrade must precede airtightness improvement' ]
Blocked: []
Sequencing: [
  'Ventilation upgrade must precede airtightness improvement',
  'external wall insulation',
  'internal wall insulation',
  'loft insulation'
]
Constraints: []

=== TC3 ===
Status: AMBER
Archetype: UNKNOWN
Moisture Risk: LOW
Preconditions: [ 'Ventilation upgrade must precede airtightness improvement' ]
Blocked: []
Sequencing: [ 'Ventilation upgrade must precede airtightness improvement' ]
Constraints: []

=== TC4 ===
Status: AMBER
Archetype: UNKNOWN
Moisture Risk: LOW
Preconditions: [ 'Ventilation upgrade must precede airtightness improvement' ]
Blocked: []
Sequencing: [ 'Ventilation upgrade must precede airtightness improvement' ]
Constraints: []

=== TC5 ===
Status: RED
Archetype: UNKNOWN
Moisture Risk: LOW
Preconditions: [ 'Ventilation upgrade must precede airtightness improvement' ]
Blocked: []
Sequencing: [ 'Ventilation upgrade must precede airtightness improvement' ]
Constraints: [ 'Outside MVP Scope or requires heritage pathway' ]

=== TC6 ===
Status: AMBER
Archetype: UNKNOWN
Moisture Risk: LOW
Preconditions: [ 'Ventilation upgrade must precede airtightness improvement' ]
Blocked: []
Sequencing: [ 'Ventilation upgrade must precede airtightness improvement' ]
Constraints: []
